// Jest Snapshot v1, https://goo.gl/fbAQLP

exports[`JsonnetfileJsonExtractor fullParse 1`] = `
Object {
  "dependencies": Array [
    Object {
      "name": "https://github.com/grafana/grafonnet-lib.git",
      "scopes": Array [
        "grafonnet",
      ],
      "versionConstraint": "master",
    },
    Object {
      "name": "https://github.com/grafana/jsonnet-libs.git",
      "scopes": Array [
        "grafana-builder",
      ],
      "versionConstraint": "master",
    },
  ],
  "language": "jsonnet",
  "name": "",
  "sourceUrl": "",
  "system": "jsonnet-bundler",
  "version": 1,
}
`;
