// Jest Snapshot v1, https://goo.gl/fbAQLP

exports[`PomXmlExtractor fullParse 1`] = `
Object {
  "dependencies": Array [
    Object {
      "name": "parentGroupId:parentArtifactId",
      "scopes": Array [
        "parent",
      ],
      "versionConstraint": "1.0",
    },
    Object {
      "name": "compileGroupId:compileArtifactId",
      "scopes": Array [
        "compile",
      ],
      "versionConstraint": "1.0.0",
    },
    Object {
      "name": "runtimeGroupId:runtimeArtifactId",
      "scopes": Array [
        "runtime",
      ],
      "versionConstraint": "1.0.0",
    },
    Object {
      "name": "testGroupId:testArtifactId",
      "scopes": Array [
        "test",
      ],
      "versionConstraint": "1.0.0",
    },
    Object {
      "name": "systemGroupId:systemArtifactId",
      "scopes": Array [
        "system",
      ],
      "versionConstraint": "1.0.0",
    },
    Object {
      "name": "providedGroupId:providedArtifactId",
      "scopes": Array [
        "provided",
      ],
      "versionConstraint": "1.0.0",
    },
  ],
  "language": "java",
  "name": "groupId:artifactId",
  "sourceUrl": "git@github.com:group/project.git",
  "system": "maven",
  "version": "9.9.9",
}
`;

exports[`PomXmlExtractor fullParse 2`] = `
"{
  \\"language\\": \\"java\\",
  \\"system\\": \\"maven\\",
  \\"sourceUrl\\": \\"git@github.com:group/project.git\\",
  \\"name\\": \\"groupId:artifactId\\",
  \\"version\\": \\"9.9.9\\",
  \\"dependencies\\": [
    {
      \\"name\\": \\"parentGroupId:parentArtifactId\\",
      \\"versionConstraint\\": \\"1.0\\",
      \\"scopes\\": [
        \\"parent\\"
      ]
    },
    {
      \\"name\\": \\"compileGroupId:compileArtifactId\\",
      \\"versionConstraint\\": \\"1.0.0\\",
      \\"scopes\\": [
        \\"compile\\"
      ]
    },
    {
      \\"name\\": \\"runtimeGroupId:runtimeArtifactId\\",
      \\"versionConstraint\\": \\"1.0.0\\",
      \\"scopes\\": [
        \\"runtime\\"
      ]
    },
    {
      \\"name\\": \\"testGroupId:testArtifactId\\",
      \\"versionConstraint\\": \\"1.0.0\\",
      \\"scopes\\": [
        \\"test\\"
      ]
    },
    {
      \\"name\\": \\"systemGroupId:systemArtifactId\\",
      \\"versionConstraint\\": \\"1.0.0\\",
      \\"scopes\\": [
        \\"system\\"
      ]
    },
    {
      \\"name\\": \\"providedGroupId:providedArtifactId\\",
      \\"versionConstraint\\": \\"1.0.0\\",
      \\"scopes\\": [
        \\"provided\\"
      ]
    }
  ]
}"
`;
