// Jest Snapshot v1, https://goo.gl/fbAQLP

exports[`BowerJsonExtractor fullParse 1`] = `
Object {
  "dependencies": Array [
    Object {
      "module": "dependency",
      "name": "dependency",
      "organization": "_",
      "scopes": Array [
        "",
      ],
      "versionConstraint": "1.0.0",
    },
    Object {
      "module": "Depedency",
      "name": "@second/Depedency",
      "organization": "second",
      "scopes": Array [
        "",
      ],
      "versionConstraint": "1.0.0",
    },
    Object {
      "module": "devDependency",
      "name": "devDependency",
      "organization": "_",
      "scopes": Array [
        "dev",
      ],
      "versionConstraint": "1.0.0",
    },
    Object {
      "module": "@annotationDevDependency",
      "name": "@annotationDevDependency",
      "organization": "",
      "scopes": Array [
        "dev",
      ],
      "versionConstraint": "1.0.0",
    },
    Object {
      "module": "DevDependency",
      "name": "@annotationAndSlash/DevDependency",
      "organization": "annotationAndSlash",
      "scopes": Array [
        "dev",
      ],
      "versionConstraint": "1.0.0",
    },
    Object {
      "module": "0",
      "name": "0",
      "organization": "_",
      "scopes": Array [
        "bundled",
      ],
      "versionConstraint": "bundledDependency",
    },
  ],
  "language": "js",
  "module": "testName",
  "name": "testName",
  "organization": "_",
  "sourceUrl": "git@github.com:group/project.git",
  "system": "bower",
  "version": "1.2.3",
}
`;

exports[`BowerJsonExtractor fullParse 2`] = `
"{
  \\"language\\": \\"js\\",
  \\"system\\": \\"bower\\",
  \\"sourceUrl\\": \\"git@github.com:group/project.git\\",
  \\"organization\\": \\"_\\",
  \\"module\\": \\"testName\\",
  \\"version\\": \\"1.2.3\\",
  \\"dependencies\\": [
    {
      \\"organization\\": \\"_\\",
      \\"module\\": \\"dependency\\",
      \\"versionConstraint\\": \\"1.0.0\\",
      \\"scopes\\": [
        \\"\\"
      ],
      \\"name\\": \\"dependency\\"
    },
    {
      \\"organization\\": \\"second\\",
      \\"module\\": \\"Depedency\\",
      \\"versionConstraint\\": \\"1.0.0\\",
      \\"scopes\\": [
        \\"\\"
      ],
      \\"name\\": \\"@second/Depedency\\"
    },
    {
      \\"organization\\": \\"_\\",
      \\"module\\": \\"devDependency\\",
      \\"versionConstraint\\": \\"1.0.0\\",
      \\"scopes\\": [
        \\"dev\\"
      ],
      \\"name\\": \\"devDependency\\"
    },
    {
      \\"organization\\": \\"\\",
      \\"module\\": \\"@annotationDevDependency\\",
      \\"versionConstraint\\": \\"1.0.0\\",
      \\"scopes\\": [
        \\"dev\\"
      ],
      \\"name\\": \\"@annotationDevDependency\\"
    },
    {
      \\"organization\\": \\"annotationAndSlash\\",
      \\"module\\": \\"DevDependency\\",
      \\"versionConstraint\\": \\"1.0.0\\",
      \\"scopes\\": [
        \\"dev\\"
      ],
      \\"name\\": \\"@annotationAndSlash/DevDependency\\"
    },
    {
      \\"organization\\": \\"_\\",
      \\"module\\": \\"0\\",
      \\"versionConstraint\\": \\"bundledDependency\\",
      \\"scopes\\": [
        \\"bundled\\"
      ],
      \\"name\\": \\"0\\"
    }
  ],
  \\"name\\": \\"testName\\"
}"
`;
