// Jest Snapshot v1, https://goo.gl/fbAQLP

exports[`GopkgTomlExtractor fullParse 1`] = `
Object {
  "dependencies": Array [
    Object {
      "module": "go",
      "name": "cloud.google.com/go",
      "organization": "cloud.google.com",
      "scopes": Array [
        "constraint",
      ],
      "versionConstraint": ">=0.20.0, <1.0.0",
    },
    Object {
      "module": "go.opencensus.io",
      "name": "go.opencensus.io",
      "organization": "",
      "scopes": Array [
        "constraint",
      ],
      "versionConstraint": ">=0.15.0",
    },
    Object {
      "module": "exporter/stackdriver",
      "name": "contrib.go.opencensus.io/exporter/stackdriver",
      "organization": "contrib.go.opencensus.io",
      "scopes": Array [
        "constraint",
      ],
      "versionConstraint": ">=0.2.0",
    },
    Object {
      "module": "copilot",
      "name": "code.cloudfoundry.org/copilot",
      "organization": "code.cloudfoundry.org",
      "scopes": Array [
        "constraint",
      ],
      "versionConstraint": "master",
    },
    Object {
      "module": "DataDog/datadog-go",
      "name": "github.com/DataDog/datadog-go",
      "organization": "github.com",
      "scopes": Array [
        "constraint",
      ],
      "versionConstraint": "2.0.0",
    },
    Object {
      "module": "alicebob/miniredis",
      "name": "github.com/alicebob/miniredis",
      "organization": "github.com",
      "scopes": Array [
        "constraint",
      ],
      "versionConstraint": "2.3.2",
    },
    Object {
      "module": "aws/aws-sdk-go",
      "name": "github.com/aws/aws-sdk-go",
      "organization": "github.com",
      "scopes": Array [
        "constraint",
      ],
      "versionConstraint": "1.13.24",
    },
    Object {
      "module": "cactus/go-statsd-client",
      "name": "github.com/cactus/go-statsd-client",
      "organization": "github.com",
      "scopes": Array [
        "constraint",
      ],
      "versionConstraint": "3.1.1",
    },
    Object {
      "module": "cenkalti/backoff",
      "name": "github.com/cenkalti/backoff",
      "organization": "github.com",
      "scopes": Array [
        "constraint",
      ],
      "versionConstraint": "2.0.0",
    },
    Object {
      "module": "circonus-labs/circonus-gometrics",
      "name": "github.com/circonus-labs/circonus-gometrics",
      "organization": "github.com",
      "scopes": Array [
        "constraint",
      ],
      "versionConstraint": "2.1.0",
    },
    Object {
      "module": "coreos/go-oidc",
      "name": "github.com/coreos/go-oidc",
      "organization": "github.com",
      "scopes": Array [
        "constraint",
      ],
      "versionConstraint": "v2",
    },
    Object {
      "module": "davecgh/go-spew",
      "name": "github.com/davecgh/go-spew",
      "organization": "github.com",
      "scopes": Array [
        "constraint",
      ],
      "versionConstraint": "1.1.0",
    },
    Object {
      "module": "envoyproxy/go-control-plane",
      "name": "github.com/envoyproxy/go-control-plane",
      "organization": "github.com",
      "scopes": Array [
        "constraint",
      ],
      "versionConstraint": "^0.6.7",
    },
    Object {
      "module": "fluent/fluent-logger-golang",
      "name": "github.com/fluent/fluent-logger-golang",
      "organization": "github.com",
      "scopes": Array [
        "constraint",
      ],
      "versionConstraint": "1.3.0",
    },
    Object {
      "module": "ghodss/yaml",
      "name": "github.com/ghodss/yaml",
      "organization": "github.com",
      "scopes": Array [
        "constraint",
      ],
      "versionConstraint": "1.0.0",
    },
    Object {
      "module": "go-redis/redis",
      "name": "github.com/go-redis/redis",
      "organization": "github.com",
      "scopes": Array [
        "constraint",
      ],
      "versionConstraint": "6.10.2",
    },
    Object {
      "module": "gogo/googleapis",
      "name": "github.com/gogo/googleapis",
      "organization": "github.com",
      "scopes": Array [
        "constraint",
      ],
      "versionConstraint": "master",
    },
    Object {
      "module": "gogo/protobuf",
      "name": "github.com/gogo/protobuf",
      "organization": "github.com",
      "scopes": Array [
        "constraint",
      ],
      "versionConstraint": "^1.1.1",
    },
    Object {
      "module": "golang/protobuf",
      "name": "github.com/golang/protobuf",
      "organization": "github.com",
      "scopes": Array [
        "constraint",
      ],
      "versionConstraint": "1.1.0",
    },
    Object {
      "module": "golang/sync",
      "name": "github.com/golang/sync",
      "organization": "github.com",
      "scopes": Array [
        "constraint",
      ],
      "versionConstraint": "master",
    },
    Object {
      "module": "google/go-github",
      "name": "github.com/google/go-github",
      "organization": "github.com",
      "scopes": Array [
        "constraint",
      ],
      "versionConstraint": "15.0.0",
    },
    Object {
      "module": "google/uuid",
      "name": "github.com/google/uuid",
      "organization": "github.com",
      "scopes": Array [
        "constraint",
      ],
      "versionConstraint": "0.2.0",
    },
    Object {
      "module": "googleapis/gax-go",
      "name": "github.com/googleapis/gax-go",
      "organization": "github.com",
      "scopes": Array [
        "constraint",
      ],
      "versionConstraint": "2.0.0",
    },
    Object {
      "module": "gorilla/mux",
      "name": "github.com/gorilla/mux",
      "organization": "github.com",
      "scopes": Array [
        "constraint",
      ],
      "versionConstraint": "1.6.1",
    },
    Object {
      "module": "gorilla/websocket",
      "name": "github.com/gorilla/websocket",
      "organization": "github.com",
      "scopes": Array [
        "constraint",
      ],
      "versionConstraint": "1.2.0",
    },
    Object {
      "module": "grpc-ecosystem/go-grpc-middleware",
      "name": "github.com/grpc-ecosystem/go-grpc-middleware",
      "organization": "github.com",
      "scopes": Array [
        "constraint",
      ],
      "versionConstraint": "master",
    },
    Object {
      "module": "grpc-ecosystem/go-grpc-prometheus",
      "name": "github.com/grpc-ecosystem/go-grpc-prometheus",
      "organization": "github.com",
      "scopes": Array [
        "constraint",
      ],
      "versionConstraint": "1.1.0",
    },
    Object {
      "module": "grpc-ecosystem/grpc-opentracing",
      "name": "github.com/grpc-ecosystem/grpc-opentracing",
      "organization": "github.com",
      "scopes": Array [
        "constraint",
      ],
      "versionConstraint": "master",
    },
    Object {
      "module": "hashicorp/consul",
      "name": "github.com/hashicorp/consul",
      "organization": "github.com",
      "scopes": Array [
        "constraint",
      ],
      "versionConstraint": "1.3.0",
    },
    Object {
      "module": "hashicorp/go-multierror",
      "name": "github.com/hashicorp/go-multierror",
      "organization": "github.com",
      "scopes": Array [
        "constraint",
      ],
      "versionConstraint": "master",
    },
    Object {
      "module": "hashicorp/vault",
      "name": "github.com/hashicorp/vault",
      "organization": "github.com",
      "scopes": Array [
        "constraint",
      ],
      "versionConstraint": "0.10.0",
    },
    Object {
      "module": "howeyc/fsnotify",
      "name": "github.com/howeyc/fsnotify",
      "organization": "github.com",
      "scopes": Array [
        "constraint",
      ],
      "versionConstraint": "0.9.0",
    },
    Object {
      "module": "natefinch/lumberjack",
      "name": "github.com/natefinch/lumberjack",
      "organization": "github.com",
      "scopes": Array [
        "constraint",
      ],
      "versionConstraint": "2.1.0",
    },
    Object {
      "module": "onsi/gomega",
      "name": "github.com/onsi/gomega",
      "organization": "github.com",
      "scopes": Array [
        "constraint",
      ],
      "versionConstraint": "1.3.0",
    },
    Object {
      "module": "open-policy-agent/opa",
      "name": "github.com/open-policy-agent/opa",
      "organization": "github.com",
      "scopes": Array [
        "constraint",
      ],
      "versionConstraint": "0.8.2",
    },
    Object {
      "module": "openshift/api",
      "name": "github.com/openshift/api",
      "organization": "github.com",
      "scopes": Array [
        "constraint",
      ],
      "versionConstraint": "master",
    },
    Object {
      "module": "opentracing/opentracing-go",
      "name": "github.com/opentracing/opentracing-go",
      "organization": "github.com",
      "scopes": Array [
        "constraint",
      ],
      "versionConstraint": "1.0.2",
    },
    Object {
      "module": "pmezard/go-difflib",
      "name": "github.com/pmezard/go-difflib",
      "organization": "github.com",
      "scopes": Array [
        "constraint",
      ],
      "versionConstraint": "1.0.0",
    },
    Object {
      "module": "prometheus/client_golang",
      "name": "github.com/prometheus/client_golang",
      "organization": "github.com",
      "scopes": Array [
        "constraint",
      ],
      "versionConstraint": "0.9.2",
    },
    Object {
      "module": "prometheus/client_model",
      "name": "github.com/prometheus/client_model",
      "organization": "github.com",
      "scopes": Array [
        "constraint",
      ],
      "versionConstraint": "master",
    },
    Object {
      "module": "prometheus/common",
      "name": "github.com/prometheus/common",
      "organization": "github.com",
      "scopes": Array [
        "constraint",
      ],
      "versionConstraint": "master",
    },
    Object {
      "module": "prometheus/prom2json",
      "name": "github.com/prometheus/prom2json",
      "organization": "github.com",
      "scopes": Array [
        "constraint",
      ],
      "versionConstraint": "master",
    },
    Object {
      "module": "satori/go.uuid",
      "name": "github.com/satori/go.uuid",
      "organization": "github.com",
      "scopes": Array [
        "constraint",
      ],
      "versionConstraint": "1.2.0",
    },
    Object {
      "module": "spf13/cobra",
      "name": "github.com/spf13/cobra",
      "organization": "github.com",
      "scopes": Array [
        "constraint",
      ],
      "versionConstraint": "0.0.2",
    },
    Object {
      "module": "stretchr/testify",
      "name": "github.com/stretchr/testify",
      "organization": "github.com",
      "scopes": Array [
        "constraint",
      ],
      "versionConstraint": "1.2.1",
    },
    Object {
      "module": "uber/jaeger-client-go",
      "name": "github.com/uber/jaeger-client-go",
      "organization": "github.com",
      "scopes": Array [
        "constraint",
      ],
      "versionConstraint": "master",
    },
    Object {
      "module": "atomic",
      "name": "go.uber.org/atomic",
      "organization": "go.uber.org",
      "scopes": Array [
        "constraint",
      ],
      "versionConstraint": "1.2.0",
    },
    Object {
      "module": "multierr",
      "name": "go.uber.org/multierr",
      "organization": "go.uber.org",
      "scopes": Array [
        "constraint",
      ],
      "versionConstraint": "1.1.0",
    },
    Object {
      "module": "zap",
      "name": "go.uber.org/zap",
      "organization": "go.uber.org",
      "scopes": Array [
        "constraint",
      ],
      "versionConstraint": "1.7.1",
    },
    Object {
      "module": "x/net",
      "name": "golang.org/x/net",
      "organization": "golang.org",
      "scopes": Array [
        "constraint",
      ],
      "versionConstraint": "master",
    },
    Object {
      "module": "x/oauth2",
      "name": "golang.org/x/oauth2",
      "organization": "golang.org",
      "scopes": Array [
        "constraint",
      ],
      "versionConstraint": "master",
    },
    Object {
      "module": "x/time",
      "name": "golang.org/x/time",
      "organization": "golang.org",
      "scopes": Array [
        "constraint",
      ],
      "versionConstraint": "master",
    },
    Object {
      "module": "x/tools",
      "name": "golang.org/x/tools",
      "organization": "golang.org",
      "scopes": Array [
        "constraint",
      ],
      "versionConstraint": "master",
    },
    Object {
      "module": "api",
      "name": "google.golang.org/api",
      "organization": "google.golang.org",
      "scopes": Array [
        "constraint",
      ],
      "versionConstraint": "master",
    },
    Object {
      "module": "genproto",
      "name": "google.golang.org/genproto",
      "organization": "google.golang.org",
      "scopes": Array [
        "constraint",
      ],
      "versionConstraint": "master",
    },
    Object {
      "module": "grpc",
      "name": "google.golang.org/grpc",
      "organization": "google.golang.org",
      "scopes": Array [
        "constraint",
      ],
      "versionConstraint": "^1.13.0",
    },
    Object {
      "module": "yaml.v2",
      "name": "gopkg.in/yaml.v2",
      "organization": "gopkg.in",
      "scopes": Array [
        "constraint",
      ],
      "versionConstraint": "2.2.1",
    },
    Object {
      "module": "api",
      "name": "istio.io/api",
      "organization": "istio.io",
      "scopes": Array [
        "constraint",
      ],
      "versionConstraint": "master",
    },
    Object {
      "module": "api",
      "name": "k8s.io/api",
      "organization": "k8s.io",
      "scopes": Array [
        "constraint",
      ],
      "versionConstraint": "release-1.11",
    },
    Object {
      "module": "apimachinery",
      "name": "k8s.io/apimachinery",
      "organization": "k8s.io",
      "scopes": Array [
        "constraint",
      ],
      "versionConstraint": "release-1.11",
    },
    Object {
      "module": "apiextensions-apiserver",
      "name": "k8s.io/apiextensions-apiserver",
      "organization": "k8s.io",
      "scopes": Array [
        "constraint",
      ],
      "versionConstraint": "release-1.11",
    },
    Object {
      "module": "helm",
      "name": "k8s.io/helm",
      "organization": "k8s.io",
      "scopes": Array [
        "constraint",
      ],
      "versionConstraint": "2.9.1",
    },
    Object {
      "module": "kubernetes",
      "name": "k8s.io/kubernetes",
      "organization": "k8s.io",
      "scopes": Array [
        "constraint",
      ],
      "versionConstraint": "release-1.11",
    },
    Object {
      "module": "gogo/status",
      "name": "github.com/gogo/status",
      "organization": "github.com",
      "scopes": Array [
        "constraint",
      ],
      "versionConstraint": "d60b5acac426cb52f7e28124c6aaa862d9f339f5",
    },
    Object {
      "module": "google/go-cmp",
      "name": "github.com/google/go-cmp",
      "organization": "github.com",
      "scopes": Array [
        "constraint",
      ],
      "versionConstraint": "0.2.0",
    },
    Object {
      "module": "docker/distribution",
      "name": "github.com/docker/distribution",
      "organization": "github.com",
      "scopes": Array [
        "override",
      ],
      "versionConstraint": "master",
    },
    Object {
      "module": "client-go",
      "name": "k8s.io/client-go",
      "organization": "k8s.io",
      "scopes": Array [
        "override",
      ],
      "versionConstraint": "release-8.0",
    },
    Object {
      "module": "Azure/go-autorest",
      "name": "github.com/Azure/go-autorest",
      "organization": "github.com",
      "scopes": Array [
        "override",
      ],
      "versionConstraint": "bca49d5b51a50dc5bb17bbf6204c711c6dbded06",
    },
    Object {
      "module": "golang/glog",
      "name": "github.com/golang/glog",
      "organization": "github.com",
      "scopes": Array [
        "override",
      ],
      "versionConstraint": undefined,
    },
    Object {
      "module": "imdario/mergo",
      "name": "github.com/imdario/mergo",
      "organization": "github.com",
      "scopes": Array [
        "override",
      ],
      "versionConstraint": "6633656539c1639d9d78127b7d47c622b5d7b6dc",
    },
    Object {
      "module": "istio/mixer/adapter/stackdriver/contextgraph",
      "name": "istio.io/istio/mixer/adapter/stackdriver/contextgraph",
      "organization": "istio.io",
      "scopes": Array [
        "ignored",
      ],
      "versionConstraint": "*",
    },
    Object {
      "module": "client9/misspell",
      "name": "github.com/client9/misspell",
      "organization": "github.com",
      "scopes": Array [
        "required",
      ],
      "versionConstraint": "*",
    },
    Object {
      "module": "istio/tools/protoc-gen-docs",
      "name": "github.com/istio/tools/protoc-gen-docs",
      "organization": "github.com",
      "scopes": Array [
        "required",
      ],
      "versionConstraint": "*",
    },
    Object {
      "module": "fortio",
      "name": "fortio.org/fortio",
      "organization": "fortio.org",
      "scopes": Array [
        "required",
      ],
      "versionConstraint": "*",
    },
  ],
  "language": "go",
  "module": "depscloud/extractor",
  "name": "github.com/depscloud/extractor",
  "organization": "github.com",
  "sourceUrl": "",
  "system": "gopkg",
  "version": "latest",
}
`;

exports[`GopkgTomlExtractor fullParse 2`] = `
"{
  \\"language\\": \\"go\\",
  \\"system\\": \\"gopkg\\",
  \\"sourceUrl\\": \\"\\",
  \\"organization\\": \\"github.com\\",
  \\"module\\": \\"depscloud/extractor\\",
  \\"version\\": \\"latest\\",
  \\"dependencies\\": [
    {
      \\"organization\\": \\"cloud.google.com\\",
      \\"module\\": \\"go\\",
      \\"versionConstraint\\": \\">=0.20.0, <1.0.0\\",
      \\"scopes\\": [
        \\"constraint\\"
      ],
      \\"name\\": \\"cloud.google.com/go\\"
    },
    {
      \\"organization\\": \\"\\",
      \\"module\\": \\"go.opencensus.io\\",
      \\"versionConstraint\\": \\">=0.15.0\\",
      \\"scopes\\": [
        \\"constraint\\"
      ],
      \\"name\\": \\"go.opencensus.io\\"
    },
    {
      \\"organization\\": \\"contrib.go.opencensus.io\\",
      \\"module\\": \\"exporter/stackdriver\\",
      \\"versionConstraint\\": \\">=0.2.0\\",
      \\"scopes\\": [
        \\"constraint\\"
      ],
      \\"name\\": \\"contrib.go.opencensus.io/exporter/stackdriver\\"
    },
    {
      \\"organization\\": \\"code.cloudfoundry.org\\",
      \\"module\\": \\"copilot\\",
      \\"versionConstraint\\": \\"master\\",
      \\"scopes\\": [
        \\"constraint\\"
      ],
      \\"name\\": \\"code.cloudfoundry.org/copilot\\"
    },
    {
      \\"organization\\": \\"github.com\\",
      \\"module\\": \\"DataDog/datadog-go\\",
      \\"versionConstraint\\": \\"2.0.0\\",
      \\"scopes\\": [
        \\"constraint\\"
      ],
      \\"name\\": \\"github.com/DataDog/datadog-go\\"
    },
    {
      \\"organization\\": \\"github.com\\",
      \\"module\\": \\"alicebob/miniredis\\",
      \\"versionConstraint\\": \\"2.3.2\\",
      \\"scopes\\": [
        \\"constraint\\"
      ],
      \\"name\\": \\"github.com/alicebob/miniredis\\"
    },
    {
      \\"organization\\": \\"github.com\\",
      \\"module\\": \\"aws/aws-sdk-go\\",
      \\"versionConstraint\\": \\"1.13.24\\",
      \\"scopes\\": [
        \\"constraint\\"
      ],
      \\"name\\": \\"github.com/aws/aws-sdk-go\\"
    },
    {
      \\"organization\\": \\"github.com\\",
      \\"module\\": \\"cactus/go-statsd-client\\",
      \\"versionConstraint\\": \\"3.1.1\\",
      \\"scopes\\": [
        \\"constraint\\"
      ],
      \\"name\\": \\"github.com/cactus/go-statsd-client\\"
    },
    {
      \\"organization\\": \\"github.com\\",
      \\"module\\": \\"cenkalti/backoff\\",
      \\"versionConstraint\\": \\"2.0.0\\",
      \\"scopes\\": [
        \\"constraint\\"
      ],
      \\"name\\": \\"github.com/cenkalti/backoff\\"
    },
    {
      \\"organization\\": \\"github.com\\",
      \\"module\\": \\"circonus-labs/circonus-gometrics\\",
      \\"versionConstraint\\": \\"2.1.0\\",
      \\"scopes\\": [
        \\"constraint\\"
      ],
      \\"name\\": \\"github.com/circonus-labs/circonus-gometrics\\"
    },
    {
      \\"organization\\": \\"github.com\\",
      \\"module\\": \\"coreos/go-oidc\\",
      \\"versionConstraint\\": \\"v2\\",
      \\"scopes\\": [
        \\"constraint\\"
      ],
      \\"name\\": \\"github.com/coreos/go-oidc\\"
    },
    {
      \\"organization\\": \\"github.com\\",
      \\"module\\": \\"davecgh/go-spew\\",
      \\"versionConstraint\\": \\"1.1.0\\",
      \\"scopes\\": [
        \\"constraint\\"
      ],
      \\"name\\": \\"github.com/davecgh/go-spew\\"
    },
    {
      \\"organization\\": \\"github.com\\",
      \\"module\\": \\"envoyproxy/go-control-plane\\",
      \\"versionConstraint\\": \\"^0.6.7\\",
      \\"scopes\\": [
        \\"constraint\\"
      ],
      \\"name\\": \\"github.com/envoyproxy/go-control-plane\\"
    },
    {
      \\"organization\\": \\"github.com\\",
      \\"module\\": \\"fluent/fluent-logger-golang\\",
      \\"versionConstraint\\": \\"1.3.0\\",
      \\"scopes\\": [
        \\"constraint\\"
      ],
      \\"name\\": \\"github.com/fluent/fluent-logger-golang\\"
    },
    {
      \\"organization\\": \\"github.com\\",
      \\"module\\": \\"ghodss/yaml\\",
      \\"versionConstraint\\": \\"1.0.0\\",
      \\"scopes\\": [
        \\"constraint\\"
      ],
      \\"name\\": \\"github.com/ghodss/yaml\\"
    },
    {
      \\"organization\\": \\"github.com\\",
      \\"module\\": \\"go-redis/redis\\",
      \\"versionConstraint\\": \\"6.10.2\\",
      \\"scopes\\": [
        \\"constraint\\"
      ],
      \\"name\\": \\"github.com/go-redis/redis\\"
    },
    {
      \\"organization\\": \\"github.com\\",
      \\"module\\": \\"gogo/googleapis\\",
      \\"versionConstraint\\": \\"master\\",
      \\"scopes\\": [
        \\"constraint\\"
      ],
      \\"name\\": \\"github.com/gogo/googleapis\\"
    },
    {
      \\"organization\\": \\"github.com\\",
      \\"module\\": \\"gogo/protobuf\\",
      \\"versionConstraint\\": \\"^1.1.1\\",
      \\"scopes\\": [
        \\"constraint\\"
      ],
      \\"name\\": \\"github.com/gogo/protobuf\\"
    },
    {
      \\"organization\\": \\"github.com\\",
      \\"module\\": \\"golang/protobuf\\",
      \\"versionConstraint\\": \\"1.1.0\\",
      \\"scopes\\": [
        \\"constraint\\"
      ],
      \\"name\\": \\"github.com/golang/protobuf\\"
    },
    {
      \\"organization\\": \\"github.com\\",
      \\"module\\": \\"golang/sync\\",
      \\"versionConstraint\\": \\"master\\",
      \\"scopes\\": [
        \\"constraint\\"
      ],
      \\"name\\": \\"github.com/golang/sync\\"
    },
    {
      \\"organization\\": \\"github.com\\",
      \\"module\\": \\"google/go-github\\",
      \\"versionConstraint\\": \\"15.0.0\\",
      \\"scopes\\": [
        \\"constraint\\"
      ],
      \\"name\\": \\"github.com/google/go-github\\"
    },
    {
      \\"organization\\": \\"github.com\\",
      \\"module\\": \\"google/uuid\\",
      \\"versionConstraint\\": \\"0.2.0\\",
      \\"scopes\\": [
        \\"constraint\\"
      ],
      \\"name\\": \\"github.com/google/uuid\\"
    },
    {
      \\"organization\\": \\"github.com\\",
      \\"module\\": \\"googleapis/gax-go\\",
      \\"versionConstraint\\": \\"2.0.0\\",
      \\"scopes\\": [
        \\"constraint\\"
      ],
      \\"name\\": \\"github.com/googleapis/gax-go\\"
    },
    {
      \\"organization\\": \\"github.com\\",
      \\"module\\": \\"gorilla/mux\\",
      \\"versionConstraint\\": \\"1.6.1\\",
      \\"scopes\\": [
        \\"constraint\\"
      ],
      \\"name\\": \\"github.com/gorilla/mux\\"
    },
    {
      \\"organization\\": \\"github.com\\",
      \\"module\\": \\"gorilla/websocket\\",
      \\"versionConstraint\\": \\"1.2.0\\",
      \\"scopes\\": [
        \\"constraint\\"
      ],
      \\"name\\": \\"github.com/gorilla/websocket\\"
    },
    {
      \\"organization\\": \\"github.com\\",
      \\"module\\": \\"grpc-ecosystem/go-grpc-middleware\\",
      \\"versionConstraint\\": \\"master\\",
      \\"scopes\\": [
        \\"constraint\\"
      ],
      \\"name\\": \\"github.com/grpc-ecosystem/go-grpc-middleware\\"
    },
    {
      \\"organization\\": \\"github.com\\",
      \\"module\\": \\"grpc-ecosystem/go-grpc-prometheus\\",
      \\"versionConstraint\\": \\"1.1.0\\",
      \\"scopes\\": [
        \\"constraint\\"
      ],
      \\"name\\": \\"github.com/grpc-ecosystem/go-grpc-prometheus\\"
    },
    {
      \\"organization\\": \\"github.com\\",
      \\"module\\": \\"grpc-ecosystem/grpc-opentracing\\",
      \\"versionConstraint\\": \\"master\\",
      \\"scopes\\": [
        \\"constraint\\"
      ],
      \\"name\\": \\"github.com/grpc-ecosystem/grpc-opentracing\\"
    },
    {
      \\"organization\\": \\"github.com\\",
      \\"module\\": \\"hashicorp/consul\\",
      \\"versionConstraint\\": \\"1.3.0\\",
      \\"scopes\\": [
        \\"constraint\\"
      ],
      \\"name\\": \\"github.com/hashicorp/consul\\"
    },
    {
      \\"organization\\": \\"github.com\\",
      \\"module\\": \\"hashicorp/go-multierror\\",
      \\"versionConstraint\\": \\"master\\",
      \\"scopes\\": [
        \\"constraint\\"
      ],
      \\"name\\": \\"github.com/hashicorp/go-multierror\\"
    },
    {
      \\"organization\\": \\"github.com\\",
      \\"module\\": \\"hashicorp/vault\\",
      \\"versionConstraint\\": \\"0.10.0\\",
      \\"scopes\\": [
        \\"constraint\\"
      ],
      \\"name\\": \\"github.com/hashicorp/vault\\"
    },
    {
      \\"organization\\": \\"github.com\\",
      \\"module\\": \\"howeyc/fsnotify\\",
      \\"versionConstraint\\": \\"0.9.0\\",
      \\"scopes\\": [
        \\"constraint\\"
      ],
      \\"name\\": \\"github.com/howeyc/fsnotify\\"
    },
    {
      \\"organization\\": \\"github.com\\",
      \\"module\\": \\"natefinch/lumberjack\\",
      \\"versionConstraint\\": \\"2.1.0\\",
      \\"scopes\\": [
        \\"constraint\\"
      ],
      \\"name\\": \\"github.com/natefinch/lumberjack\\"
    },
    {
      \\"organization\\": \\"github.com\\",
      \\"module\\": \\"onsi/gomega\\",
      \\"versionConstraint\\": \\"1.3.0\\",
      \\"scopes\\": [
        \\"constraint\\"
      ],
      \\"name\\": \\"github.com/onsi/gomega\\"
    },
    {
      \\"organization\\": \\"github.com\\",
      \\"module\\": \\"open-policy-agent/opa\\",
      \\"versionConstraint\\": \\"0.8.2\\",
      \\"scopes\\": [
        \\"constraint\\"
      ],
      \\"name\\": \\"github.com/open-policy-agent/opa\\"
    },
    {
      \\"organization\\": \\"github.com\\",
      \\"module\\": \\"openshift/api\\",
      \\"versionConstraint\\": \\"master\\",
      \\"scopes\\": [
        \\"constraint\\"
      ],
      \\"name\\": \\"github.com/openshift/api\\"
    },
    {
      \\"organization\\": \\"github.com\\",
      \\"module\\": \\"opentracing/opentracing-go\\",
      \\"versionConstraint\\": \\"1.0.2\\",
      \\"scopes\\": [
        \\"constraint\\"
      ],
      \\"name\\": \\"github.com/opentracing/opentracing-go\\"
    },
    {
      \\"organization\\": \\"github.com\\",
      \\"module\\": \\"pmezard/go-difflib\\",
      \\"versionConstraint\\": \\"1.0.0\\",
      \\"scopes\\": [
        \\"constraint\\"
      ],
      \\"name\\": \\"github.com/pmezard/go-difflib\\"
    },
    {
      \\"organization\\": \\"github.com\\",
      \\"module\\": \\"prometheus/client_golang\\",
      \\"versionConstraint\\": \\"0.9.2\\",
      \\"scopes\\": [
        \\"constraint\\"
      ],
      \\"name\\": \\"github.com/prometheus/client_golang\\"
    },
    {
      \\"organization\\": \\"github.com\\",
      \\"module\\": \\"prometheus/client_model\\",
      \\"versionConstraint\\": \\"master\\",
      \\"scopes\\": [
        \\"constraint\\"
      ],
      \\"name\\": \\"github.com/prometheus/client_model\\"
    },
    {
      \\"organization\\": \\"github.com\\",
      \\"module\\": \\"prometheus/common\\",
      \\"versionConstraint\\": \\"master\\",
      \\"scopes\\": [
        \\"constraint\\"
      ],
      \\"name\\": \\"github.com/prometheus/common\\"
    },
    {
      \\"organization\\": \\"github.com\\",
      \\"module\\": \\"prometheus/prom2json\\",
      \\"versionConstraint\\": \\"master\\",
      \\"scopes\\": [
        \\"constraint\\"
      ],
      \\"name\\": \\"github.com/prometheus/prom2json\\"
    },
    {
      \\"organization\\": \\"github.com\\",
      \\"module\\": \\"satori/go.uuid\\",
      \\"versionConstraint\\": \\"1.2.0\\",
      \\"scopes\\": [
        \\"constraint\\"
      ],
      \\"name\\": \\"github.com/satori/go.uuid\\"
    },
    {
      \\"organization\\": \\"github.com\\",
      \\"module\\": \\"spf13/cobra\\",
      \\"versionConstraint\\": \\"0.0.2\\",
      \\"scopes\\": [
        \\"constraint\\"
      ],
      \\"name\\": \\"github.com/spf13/cobra\\"
    },
    {
      \\"organization\\": \\"github.com\\",
      \\"module\\": \\"stretchr/testify\\",
      \\"versionConstraint\\": \\"1.2.1\\",
      \\"scopes\\": [
        \\"constraint\\"
      ],
      \\"name\\": \\"github.com/stretchr/testify\\"
    },
    {
      \\"organization\\": \\"github.com\\",
      \\"module\\": \\"uber/jaeger-client-go\\",
      \\"versionConstraint\\": \\"master\\",
      \\"scopes\\": [
        \\"constraint\\"
      ],
      \\"name\\": \\"github.com/uber/jaeger-client-go\\"
    },
    {
      \\"organization\\": \\"go.uber.org\\",
      \\"module\\": \\"atomic\\",
      \\"versionConstraint\\": \\"1.2.0\\",
      \\"scopes\\": [
        \\"constraint\\"
      ],
      \\"name\\": \\"go.uber.org/atomic\\"
    },
    {
      \\"organization\\": \\"go.uber.org\\",
      \\"module\\": \\"multierr\\",
      \\"versionConstraint\\": \\"1.1.0\\",
      \\"scopes\\": [
        \\"constraint\\"
      ],
      \\"name\\": \\"go.uber.org/multierr\\"
    },
    {
      \\"organization\\": \\"go.uber.org\\",
      \\"module\\": \\"zap\\",
      \\"versionConstraint\\": \\"1.7.1\\",
      \\"scopes\\": [
        \\"constraint\\"
      ],
      \\"name\\": \\"go.uber.org/zap\\"
    },
    {
      \\"organization\\": \\"golang.org\\",
      \\"module\\": \\"x/net\\",
      \\"versionConstraint\\": \\"master\\",
      \\"scopes\\": [
        \\"constraint\\"
      ],
      \\"name\\": \\"golang.org/x/net\\"
    },
    {
      \\"organization\\": \\"golang.org\\",
      \\"module\\": \\"x/oauth2\\",
      \\"versionConstraint\\": \\"master\\",
      \\"scopes\\": [
        \\"constraint\\"
      ],
      \\"name\\": \\"golang.org/x/oauth2\\"
    },
    {
      \\"organization\\": \\"golang.org\\",
      \\"module\\": \\"x/time\\",
      \\"versionConstraint\\": \\"master\\",
      \\"scopes\\": [
        \\"constraint\\"
      ],
      \\"name\\": \\"golang.org/x/time\\"
    },
    {
      \\"organization\\": \\"golang.org\\",
      \\"module\\": \\"x/tools\\",
      \\"versionConstraint\\": \\"master\\",
      \\"scopes\\": [
        \\"constraint\\"
      ],
      \\"name\\": \\"golang.org/x/tools\\"
    },
    {
      \\"organization\\": \\"google.golang.org\\",
      \\"module\\": \\"api\\",
      \\"versionConstraint\\": \\"master\\",
      \\"scopes\\": [
        \\"constraint\\"
      ],
      \\"name\\": \\"google.golang.org/api\\"
    },
    {
      \\"organization\\": \\"google.golang.org\\",
      \\"module\\": \\"genproto\\",
      \\"versionConstraint\\": \\"master\\",
      \\"scopes\\": [
        \\"constraint\\"
      ],
      \\"name\\": \\"google.golang.org/genproto\\"
    },
    {
      \\"organization\\": \\"google.golang.org\\",
      \\"module\\": \\"grpc\\",
      \\"versionConstraint\\": \\"^1.13.0\\",
      \\"scopes\\": [
        \\"constraint\\"
      ],
      \\"name\\": \\"google.golang.org/grpc\\"
    },
    {
      \\"organization\\": \\"gopkg.in\\",
      \\"module\\": \\"yaml.v2\\",
      \\"versionConstraint\\": \\"2.2.1\\",
      \\"scopes\\": [
        \\"constraint\\"
      ],
      \\"name\\": \\"gopkg.in/yaml.v2\\"
    },
    {
      \\"organization\\": \\"istio.io\\",
      \\"module\\": \\"api\\",
      \\"versionConstraint\\": \\"master\\",
      \\"scopes\\": [
        \\"constraint\\"
      ],
      \\"name\\": \\"istio.io/api\\"
    },
    {
      \\"organization\\": \\"k8s.io\\",
      \\"module\\": \\"api\\",
      \\"versionConstraint\\": \\"release-1.11\\",
      \\"scopes\\": [
        \\"constraint\\"
      ],
      \\"name\\": \\"k8s.io/api\\"
    },
    {
      \\"organization\\": \\"k8s.io\\",
      \\"module\\": \\"apimachinery\\",
      \\"versionConstraint\\": \\"release-1.11\\",
      \\"scopes\\": [
        \\"constraint\\"
      ],
      \\"name\\": \\"k8s.io/apimachinery\\"
    },
    {
      \\"organization\\": \\"k8s.io\\",
      \\"module\\": \\"apiextensions-apiserver\\",
      \\"versionConstraint\\": \\"release-1.11\\",
      \\"scopes\\": [
        \\"constraint\\"
      ],
      \\"name\\": \\"k8s.io/apiextensions-apiserver\\"
    },
    {
      \\"organization\\": \\"k8s.io\\",
      \\"module\\": \\"helm\\",
      \\"versionConstraint\\": \\"2.9.1\\",
      \\"scopes\\": [
        \\"constraint\\"
      ],
      \\"name\\": \\"k8s.io/helm\\"
    },
    {
      \\"organization\\": \\"k8s.io\\",
      \\"module\\": \\"kubernetes\\",
      \\"versionConstraint\\": \\"release-1.11\\",
      \\"scopes\\": [
        \\"constraint\\"
      ],
      \\"name\\": \\"k8s.io/kubernetes\\"
    },
    {
      \\"organization\\": \\"github.com\\",
      \\"module\\": \\"gogo/status\\",
      \\"versionConstraint\\": \\"d60b5acac426cb52f7e28124c6aaa862d9f339f5\\",
      \\"scopes\\": [
        \\"constraint\\"
      ],
      \\"name\\": \\"github.com/gogo/status\\"
    },
    {
      \\"organization\\": \\"github.com\\",
      \\"module\\": \\"google/go-cmp\\",
      \\"versionConstraint\\": \\"0.2.0\\",
      \\"scopes\\": [
        \\"constraint\\"
      ],
      \\"name\\": \\"github.com/google/go-cmp\\"
    },
    {
      \\"organization\\": \\"github.com\\",
      \\"module\\": \\"docker/distribution\\",
      \\"versionConstraint\\": \\"master\\",
      \\"scopes\\": [
        \\"override\\"
      ],
      \\"name\\": \\"github.com/docker/distribution\\"
    },
    {
      \\"organization\\": \\"k8s.io\\",
      \\"module\\": \\"client-go\\",
      \\"versionConstraint\\": \\"release-8.0\\",
      \\"scopes\\": [
        \\"override\\"
      ],
      \\"name\\": \\"k8s.io/client-go\\"
    },
    {
      \\"organization\\": \\"github.com\\",
      \\"module\\": \\"Azure/go-autorest\\",
      \\"versionConstraint\\": \\"bca49d5b51a50dc5bb17bbf6204c711c6dbded06\\",
      \\"scopes\\": [
        \\"override\\"
      ],
      \\"name\\": \\"github.com/Azure/go-autorest\\"
    },
    {
      \\"organization\\": \\"github.com\\",
      \\"module\\": \\"golang/glog\\",
      \\"scopes\\": [
        \\"override\\"
      ],
      \\"name\\": \\"github.com/golang/glog\\"
    },
    {
      \\"organization\\": \\"github.com\\",
      \\"module\\": \\"imdario/mergo\\",
      \\"versionConstraint\\": \\"6633656539c1639d9d78127b7d47c622b5d7b6dc\\",
      \\"scopes\\": [
        \\"override\\"
      ],
      \\"name\\": \\"github.com/imdario/mergo\\"
    },
    {
      \\"organization\\": \\"istio.io\\",
      \\"module\\": \\"istio/mixer/adapter/stackdriver/contextgraph\\",
      \\"versionConstraint\\": \\"*\\",
      \\"scopes\\": [
        \\"ignored\\"
      ],
      \\"name\\": \\"istio.io/istio/mixer/adapter/stackdriver/contextgraph\\"
    },
    {
      \\"organization\\": \\"github.com\\",
      \\"module\\": \\"client9/misspell\\",
      \\"versionConstraint\\": \\"*\\",
      \\"scopes\\": [
        \\"required\\"
      ],
      \\"name\\": \\"github.com/client9/misspell\\"
    },
    {
      \\"organization\\": \\"github.com\\",
      \\"module\\": \\"istio/tools/protoc-gen-docs\\",
      \\"versionConstraint\\": \\"*\\",
      \\"scopes\\": [
        \\"required\\"
      ],
      \\"name\\": \\"github.com/istio/tools/protoc-gen-docs\\"
    },
    {
      \\"organization\\": \\"fortio.org\\",
      \\"module\\": \\"fortio\\",
      \\"versionConstraint\\": \\"*\\",
      \\"scopes\\": [
        \\"required\\"
      ],
      \\"name\\": \\"fortio.org/fortio\\"
    }
  ],
  \\"name\\": \\"github.com/depscloud/extractor\\"
}"
`;
