// Jest Snapshot v1, https://goo.gl/fbAQLP

exports[`PomXmlExtractor fullParse 1`] = `
Object {
  "dependencies": Array [
    Object {
      "module": "parentArtifactId",
      "name": "parentGroupId:parentArtifactId",
      "organization": "parentGroupId",
      "scopes": Array [
        "parent",
      ],
      "versionConstraint": "1.0",
    },
    Object {
      "module": "compileArtifactId",
      "name": "groupId:artifactId",
      "organization": "compileGroupId",
      "scopes": Array [
        "compile",
      ],
      "versionConstraint": "1.0.0",
    },
    Object {
      "module": "runtimeArtifactId",
      "name": "groupId:artifactId",
      "organization": "runtimeGroupId",
      "scopes": Array [
        "runtime",
      ],
      "versionConstraint": "1.0.0",
    },
    Object {
      "module": "testArtifactId",
      "name": "groupId:artifactId",
      "organization": "testGroupId",
      "scopes": Array [
        "test",
      ],
      "versionConstraint": "1.0.0",
    },
    Object {
      "module": "systemArtifactId",
      "name": "groupId:artifactId",
      "organization": "systemGroupId",
      "scopes": Array [
        "system",
      ],
      "versionConstraint": "1.0.0",
    },
    Object {
      "module": "providedArtifactId",
      "name": "groupId:artifactId",
      "organization": "providedGroupId",
      "scopes": Array [
        "provided",
      ],
      "versionConstraint": "1.0.0",
    },
  ],
  "language": "java",
  "module": "artifactId",
  "name": "groupId:artifactId",
  "organization": "groupId",
  "sourceUrl": "git@github.com:group/project.git",
  "system": "maven",
  "version": "9.9.9",
}
`;

exports[`PomXmlExtractor fullParse 2`] = `
"{
  \\"language\\": \\"java\\",
  \\"system\\": \\"maven\\",
  \\"sourceUrl\\": \\"git@github.com:group/project.git\\",
  \\"organization\\": \\"groupId\\",
  \\"module\\": \\"artifactId\\",
  \\"version\\": \\"9.9.9\\",
  \\"dependencies\\": [
    {
      \\"organization\\": \\"parentGroupId\\",
      \\"module\\": \\"parentArtifactId\\",
      \\"versionConstraint\\": \\"1.0\\",
      \\"scopes\\": [
        \\"parent\\"
      ],
      \\"name\\": \\"parentGroupId:parentArtifactId\\"
    },
    {
      \\"organization\\": \\"compileGroupId\\",
      \\"module\\": \\"compileArtifactId\\",
      \\"versionConstraint\\": \\"1.0.0\\",
      \\"scopes\\": [
        \\"compile\\"
      ],
      \\"name\\": \\"groupId:artifactId\\"
    },
    {
      \\"organization\\": \\"runtimeGroupId\\",
      \\"module\\": \\"runtimeArtifactId\\",
      \\"versionConstraint\\": \\"1.0.0\\",
      \\"scopes\\": [
        \\"runtime\\"
      ],
      \\"name\\": \\"groupId:artifactId\\"
    },
    {
      \\"organization\\": \\"testGroupId\\",
      \\"module\\": \\"testArtifactId\\",
      \\"versionConstraint\\": \\"1.0.0\\",
      \\"scopes\\": [
        \\"test\\"
      ],
      \\"name\\": \\"groupId:artifactId\\"
    },
    {
      \\"organization\\": \\"systemGroupId\\",
      \\"module\\": \\"systemArtifactId\\",
      \\"versionConstraint\\": \\"1.0.0\\",
      \\"scopes\\": [
        \\"system\\"
      ],
      \\"name\\": \\"groupId:artifactId\\"
    },
    {
      \\"organization\\": \\"providedGroupId\\",
      \\"module\\": \\"providedArtifactId\\",
      \\"versionConstraint\\": \\"1.0.0\\",
      \\"scopes\\": [
        \\"provided\\"
      ],
      \\"name\\": \\"groupId:artifactId\\"
    }
  ],
  \\"name\\": \\"groupId:artifactId\\"
}"
`;
