// Jest Snapshot v1, https://goo.gl/fbAQLP

exports[`VendorConfExtractor fullParse 1`] = `
Object {
  "dependencies": Array [
    Object {
      "name": "github.com/testGitHubOrg1/testGitHubModule1",
      "scopes": Array [],
      "versionConstraint": "v1.0.0",
    },
    Object {
      "name": "github.com/testGitHubOrg2/testGitHubModule2",
      "scopes": Array [],
      "versionConstraint": "v1.1.0",
    },
    Object {
      "name": "golang.org/x/testGolangModule1",
      "scopes": Array [],
      "versionConstraint": "2509b34242342d548f113b2sdfd4ffvfwedfsgc0f20ce",
    },
    Object {
      "name": "testOrg1/testModule1",
      "scopes": Array [],
      "versionConstraint": "eb3733d160e74a9c2f435eb3be34r4ra458e1d19fregd",
    },
    Object {
      "name": "github.com/testGitHubOrg3/testGitHubModule3",
      "scopes": Array [],
      "versionConstraint": "a9fbbdc8dd8794b20affgfg358382ab780d559bca589d",
    },
    Object {
      "name": "golang.org/x/testGolangModule2",
      "scopes": Array [],
      "versionConstraint": "186fd3fc8194a5e9xcvbd6dfdsawef3g9c1ff7134229f",
    },
    Object {
      "name": "testOrg2/testModule2",
      "scopes": Array [],
      "versionConstraint": "11d3bc7aa68e23894bvbfb7792f30573146a3231fc0f1",
    },
    Object {
      "name": "testOrg3/testModule3",
      "scopes": Array [
        "transitive=true",
      ],
      "versionConstraint": "v1.0.0",
    },
    Object {
      "name": "github.com/testGitHubOrg4/testGitHubModule4",
      "scopes": Array [],
      "versionConstraint": "v1.0.0",
    },
    Object {
      "name": "golang.org/x/testGolangModule3",
      "scopes": Array [],
      "versionConstraint": "fd80eb99c8f653c8sdfds47d294a001bdf2a3a6f768f5",
    },
    Object {
      "name": "github.com/testGitHubOrg5/testGitHubModule5",
      "scopes": Array [
        "transitive=true",
      ],
      "versionConstraint": "52f73c5a6cb0d1d19cvxv6ffd6eced406c9d85020v78a",
    },
    Object {
      "name": "testOrg4/testModule4/testModuleExt1",
      "scopes": Array [
        "transitive=true",
      ],
      "versionConstraint": "52f73c5a6cbsdfsdfdfdsgfdgfdfgdfgsdfmdslfmv78a",
    },
  ],
  "language": "go",
  "name": "github.com/testMainOrg/testMainModule",
  "sourceUrl": "",
  "system": "vendor",
  "version": "latest",
}
`;

exports[`VendorConfExtractor fullParse 2`] = `
"{
  \\"language\\": \\"go\\",
  \\"system\\": \\"vendor\\",
  \\"sourceUrl\\": \\"\\",
  \\"name\\": \\"github.com/testMainOrg/testMainModule\\",
  \\"version\\": \\"latest\\",
  \\"dependencies\\": [
    {
      \\"name\\": \\"github.com/testGitHubOrg1/testGitHubModule1\\",
      \\"versionConstraint\\": \\"v1.0.0\\",
      \\"scopes\\": []
    },
    {
      \\"name\\": \\"github.com/testGitHubOrg2/testGitHubModule2\\",
      \\"versionConstraint\\": \\"v1.1.0\\",
      \\"scopes\\": []
    },
    {
      \\"name\\": \\"golang.org/x/testGolangModule1\\",
      \\"versionConstraint\\": \\"2509b34242342d548f113b2sdfd4ffvfwedfsgc0f20ce\\",
      \\"scopes\\": []
    },
    {
      \\"name\\": \\"testOrg1/testModule1\\",
      \\"versionConstraint\\": \\"eb3733d160e74a9c2f435eb3be34r4ra458e1d19fregd\\",
      \\"scopes\\": []
    },
    {
      \\"name\\": \\"github.com/testGitHubOrg3/testGitHubModule3\\",
      \\"versionConstraint\\": \\"a9fbbdc8dd8794b20affgfg358382ab780d559bca589d\\",
      \\"scopes\\": []
    },
    {
      \\"name\\": \\"golang.org/x/testGolangModule2\\",
      \\"versionConstraint\\": \\"186fd3fc8194a5e9xcvbd6dfdsawef3g9c1ff7134229f\\",
      \\"scopes\\": []
    },
    {
      \\"name\\": \\"testOrg2/testModule2\\",
      \\"versionConstraint\\": \\"11d3bc7aa68e23894bvbfb7792f30573146a3231fc0f1\\",
      \\"scopes\\": []
    },
    {
      \\"name\\": \\"testOrg3/testModule3\\",
      \\"versionConstraint\\": \\"v1.0.0\\",
      \\"scopes\\": [
        \\"transitive=true\\"
      ]
    },
    {
      \\"name\\": \\"github.com/testGitHubOrg4/testGitHubModule4\\",
      \\"versionConstraint\\": \\"v1.0.0\\",
      \\"scopes\\": []
    },
    {
      \\"name\\": \\"golang.org/x/testGolangModule3\\",
      \\"versionConstraint\\": \\"fd80eb99c8f653c8sdfds47d294a001bdf2a3a6f768f5\\",
      \\"scopes\\": []
    },
    {
      \\"name\\": \\"github.com/testGitHubOrg5/testGitHubModule5\\",
      \\"versionConstraint\\": \\"52f73c5a6cb0d1d19cvxv6ffd6eced406c9d85020v78a\\",
      \\"scopes\\": [
        \\"transitive=true\\"
      ]
    },
    {
      \\"name\\": \\"testOrg4/testModule4/testModuleExt1\\",
      \\"versionConstraint\\": \\"52f73c5a6cbsdfsdfdfdsgfdgfdfgdfgsdfmdslfmv78a\\",
      \\"scopes\\": [
        \\"transitive=true\\"
      ]
    }
  ]
}"
`;
